{
  "Resources": {
    "databaseEBDE4557": {
      "Type": "AWS::Glue::Database",
      "Properties": {
        "CatalogId": {
          "Ref": "AWS::AccountId"
        },
        "DatabaseInput": {
          "Name": "mydatabase"
        }
      }
    },
    "dataBucketD8691F4E": {
      "Type": "AWS::S3::Bucket",
      "UpdateReplacePolicy": "Retain",
      "DeletionPolicy": "Retain"
    },
    "sourceTable961262B0": {
      "Type": "AWS::Glue::Table",
      "Properties": {
        "CatalogId": {
          "Ref": "AWS::AccountId"
        },
        "DatabaseName": {
          "Ref": "databaseEBDE4557"
        },
        "TableInput": {
          "Description": "Gzip logs delivered by Amazon CloudFront partitioned",
          "Name": "partitioned_gz",
          "Parameters": {
            "has_encrypted_data": false,
            "skip.header.line.count": "2"
          },
          "PartitionKeys": [
            {
              "Name": "year",
              "Type": "string"
            },
            {
              "Name": "month",
              "Type": "string"
            },
            {
              "Name": "day",
              "Type": "string"
            },
            {
              "Name": "hour",
              "Type": "string"
            }
          ],
          "StorageDescriptor": {
            "Columns": [
              {
                "Name": "date",
                "Type": "date"
              },
              {
                "Name": "time",
                "Type": "string"
              },
              {
                "Name": "location",
                "Type": "string"
              },
              {
                "Name": "bytes",
                "Type": "bigint"
              },
              {
                "Name": "request_ip",
                "Type": "string"
              },
              {
                "Name": "method",
                "Type": "string"
              },
              {
                "Name": "host",
                "Type": "string"
              },
              {
                "Name": "uri",
                "Type": "string"
              },
              {
                "Name": "status",
                "Type": "int"
              },
              {
                "Name": "referrer",
                "Type": "string"
              },
              {
                "Name": "user_agent",
                "Type": "string"
              },
              {
                "Name": "query_string",
                "Type": "string"
              },
              {
                "Name": "cookie",
                "Type": "string"
              },
              {
                "Name": "result_type",
                "Type": "string"
              },
              {
                "Name": "request_id",
                "Type": "string"
              },
              {
                "Name": "host_header",
                "Type": "string"
              },
              {
                "Name": "request_protocol",
                "Type": "string"
              },
              {
                "Name": "request_bytes",
                "Type": "bigint"
              },
              {
                "Name": "time_taken",
                "Type": "float"
              },
              {
                "Name": "xforwarded_for",
                "Type": "string"
              },
              {
                "Name": "ssl_protocol",
                "Type": "string"
              },
              {
                "Name": "ssl_cipher",
                "Type": "string"
              },
              {
                "Name": "response_result_type",
                "Type": "string"
              },
              {
                "Name": "http_version",
                "Type": "string"
              },
              {
                "Name": "fle_status",
                "Type": "string"
              },
              {
                "Name": "fle_encrypted_fields",
                "Type": "int"
              },
              {
                "Name": "c_port",
                "Type": "int"
              },
              {
                "Name": "time_to_first_byte",
                "Type": "float"
              },
              {
                "Name": "x_edge_detailed_result_type",
                "Type": "string"
              },
              {
                "Name": "sc_content_type",
                "Type": "string"
              },
              {
                "Name": "sc_content_len",
                "Type": "bigint"
              },
              {
                "Name": "sc_range_start",
                "Type": "bigint"
              },
              {
                "Name": "sc_range_end",
                "Type": "bigint"
              }
            ],
            "Compressed": false,
            "InputFormat": "org.apache.hadoop.mapred.TextInputFormat",
            "Location": {
              "Fn::Join": [
                "",
                [
                  "s3://",
                  {
                    "Ref": "dataBucketD8691F4E"
                  },
                  "/partitioned_gz"
                ]
              ]
            },
            "OutputFormat": "org.apache.hadoop.hive.ql.io.HiveIgnoreKeyTextOutputFormat",
            "SerdeInfo": {
              "Parameters": {
                "field.delim": "\\t",
                "serialization.format": "\\t"
              },
              "SerializationLibrary": "org.apache.hadoop.hive.serde2.lazy.LazySimpleSerDe"
            },
            "StoredAsSubDirectories": false
          },
          "TableType": "EXTERNAL_TABLE"
        }
      }
    },
    "targetTable65C350B8": {
      "Type": "AWS::Glue::Table",
      "Properties": {
        "CatalogId": {
          "Ref": "AWS::AccountId"
        },
        "DatabaseName": {
          "Ref": "databaseEBDE4557"
        },
        "TableInput": {
          "Description": "Gzip logs delivered by Amazon CloudFront partitioned",
          "Name": "partitioned_parquet",
          "Parameters": {
            "has_encrypted_data": false,
            "parquet.compression": "snappy"
          },
          "PartitionKeys": [
            {
              "Name": "year",
              "Type": "string"
            },
            {
              "Name": "month",
              "Type": "string"
            },
            {
              "Name": "day",
              "Type": "string"
            },
            {
              "Name": "hour",
              "Type": "string"
            }
          ],
          "StorageDescriptor": {
            "Columns": [
              {
                "Name": "date",
                "Type": "date"
              },
              {
                "Name": "time",
                "Type": "string"
              },
              {
                "Name": "location",
                "Type": "string"
              },
              {
                "Name": "bytes",
                "Type": "bigint"
              },
              {
                "Name": "request_ip",
                "Type": "string"
              },
              {
                "Name": "method",
                "Type": "string"
              },
              {
                "Name": "host",
                "Type": "string"
              },
              {
                "Name": "uri",
                "Type": "string"
              },
              {
                "Name": "status",
                "Type": "int"
              },
              {
                "Name": "referrer",
                "Type": "string"
              },
              {
                "Name": "user_agent",
                "Type": "string"
              },
              {
                "Name": "query_string",
                "Type": "string"
              },
              {
                "Name": "cookie",
                "Type": "string"
              },
              {
                "Name": "result_type",
                "Type": "string"
              },
              {
                "Name": "request_id",
                "Type": "string"
              },
              {
                "Name": "host_header",
                "Type": "string"
              },
              {
                "Name": "request_protocol",
                "Type": "string"
              },
              {
                "Name": "request_bytes",
                "Type": "bigint"
              },
              {
                "Name": "time_taken",
                "Type": "float"
              },
              {
                "Name": "xforwarded_for",
                "Type": "string"
              },
              {
                "Name": "ssl_protocol",
                "Type": "string"
              },
              {
                "Name": "ssl_cipher",
                "Type": "string"
              },
              {
                "Name": "response_result_type",
                "Type": "string"
              },
              {
                "Name": "http_version",
                "Type": "string"
              },
              {
                "Name": "fle_status",
                "Type": "string"
              },
              {
                "Name": "fle_encrypted_fields",
                "Type": "int"
              },
              {
                "Name": "c_port",
                "Type": "int"
              },
              {
                "Name": "time_to_first_byte",
                "Type": "float"
              },
              {
                "Name": "x_edge_detailed_result_type",
                "Type": "string"
              },
              {
                "Name": "sc_content_type",
                "Type": "string"
              },
              {
                "Name": "sc_content_len",
                "Type": "bigint"
              },
              {
                "Name": "sc_range_start",
                "Type": "bigint"
              },
              {
                "Name": "sc_range_end",
                "Type": "bigint"
              }
            ],
            "Compressed": false,
            "InputFormat": "org.apache.hadoop.hive.ql.io.parquet.MapredParquetInputFormat",
            "Location": {
              "Fn::Join": [
                "",
                [
                  "s3://",
                  {
                    "Ref": "dataBucketD8691F4E"
                  },
                  "/partitioned_parquet"
                ]
              ]
            },
            "OutputFormat": "org.apache.hadoop.hive.ql.io.parquet.MapredParquetOutputFormat",
            "SerdeInfo": {
              "SerializationLibrary": "org.apache.hadoop.hive.ql.io.parquet.serde.ParquetHiveSerDe"
            },
            "StoredAsSubDirectories": false
          },
          "TableType": "EXTERNAL_TABLE"
        }
      }
    },
    "combinedViewTable71E67195": {
      "Type": "AWS::Glue::Table",
      "Properties": {
        "CatalogId": {
          "Ref": "AWS::AccountId"
        },
        "DatabaseName": {
          "Ref": "databaseEBDE4557"
        },
        "TableInput": {
          "Description": "Gzip logs delivered by Amazon CloudFront partitioned",
          "Name": "combined_view",
          "Parameters": {
            "presto_view": true
          },
          "PartitionKeys": [],
          "StorageDescriptor": {
            "Columns": [
              {
                "Name": "date",
                "Type": "date"
              },
              {
                "Name": "time",
                "Type": "string"
              },
              {
                "Name": "location",
                "Type": "string"
              },
              {
                "Name": "bytes",
                "Type": "bigint"
              },
              {
                "Name": "request_ip",
                "Type": "string"
              },
              {
                "Name": "method",
                "Type": "string"
              },
              {
                "Name": "host",
                "Type": "string"
              },
              {
                "Name": "uri",
                "Type": "string"
              },
              {
                "Name": "status",
                "Type": "int"
              },
              {
                "Name": "referrer",
                "Type": "string"
              },
              {
                "Name": "user_agent",
                "Type": "string"
              },
              {
                "Name": "query_string",
                "Type": "string"
              },
              {
                "Name": "cookie",
                "Type": "string"
              },
              {
                "Name": "result_type",
                "Type": "string"
              },
              {
                "Name": "request_id",
                "Type": "string"
              },
              {
                "Name": "host_header",
                "Type": "string"
              },
              {
                "Name": "request_protocol",
                "Type": "string"
              },
              {
                "Name": "request_bytes",
                "Type": "bigint"
              },
              {
                "Name": "time_taken",
                "Type": "float"
              },
              {
                "Name": "xforwarded_for",
                "Type": "string"
              },
              {
                "Name": "ssl_protocol",
                "Type": "string"
              },
              {
                "Name": "ssl_cipher",
                "Type": "string"
              },
              {
                "Name": "response_result_type",
                "Type": "string"
              },
              {
                "Name": "http_version",
                "Type": "string"
              },
              {
                "Name": "fle_status",
                "Type": "string"
              },
              {
                "Name": "fle_encrypted_fields",
                "Type": "int"
              },
              {
                "Name": "c_port",
                "Type": "int"
              },
              {
                "Name": "time_to_first_byte",
                "Type": "float"
              },
              {
                "Name": "x_edge_detailed_result_type",
                "Type": "string"
              },
              {
                "Name": "sc_content_type",
                "Type": "string"
              },
              {
                "Name": "sc_content_len",
                "Type": "bigint"
              },
              {
                "Name": "sc_range_start",
                "Type": "bigint"
              },
              {
                "Name": "sc_range_end",
                "Type": "bigint"
              },
              {
                "Name": "year",
                "Type": "string"
              },
              {
                "Name": "month",
                "Type": "string"
              },
              {
                "Name": "day",
                "Type": "string"
              },
              {
                "Name": "hour",
                "Type": "string"
              },
              {
                "Name": "file",
                "Type": "string"
              }
            ],
            "SerdeInfo": {}
          },
          "TableType": "VIRTUAL_VIEW",
          "ViewOriginalText": {
            "Fn::Join": [
              "",
              [
                "/* Presto View: ",
                {
                  "Fn::Base64": {
                    "Fn::Sub": [
                      "{\"originalSql\":\"SELECT\\n  *\\n, \\\"$path\\\" \\\"file\\\" \\nFROM\\n  ${sourceTable}\\nWHERE (\\\"concat\\\"(\\\"year\\\", \\\"month\\\", \\\"day\\\", \\\"hour\\\") >= \\\"date_format\\\"(\\\"date_trunc\\\"('hour', ((current_timestamp - INTERVAL  '15' MINUTE) - INTERVAL  '1' HOUR)), '%Y%m%d%H'))\\nUNION ALL SELECT\\n  *\\n, \\\"$path\\\" \\\"file\\\"\\nFROM\\n  ${targetTable}\\nWHERE (\\\"concat\\\"(\\\"year\\\", \\\"month\\\", \\\"day\\\", \\\"hour\\\") < \\\"date_format\\\"(\\\"date_trunc\\\"('hour', ((current_timestamp - INTERVAL  '15' MINUTE) - INTERVAL  '1' HOUR)), '%Y%m%d%H'))\\n\",\"catalog\":\"awsdatacatalog\",\"columns\":[{\"name\":\"date\",\"type\":\"date\"},{\"name\":\"time\",\"type\":\"varchar\"},{\"name\":\"location\",\"type\":\"varchar\"},{\"name\":\"bytes\",\"type\":\"bigint\"},{\"name\":\"request_ip\",\"type\":\"varchar\"},{\"name\":\"method\",\"type\":\"varchar\"},{\"name\":\"host\",\"type\":\"varchar\"},{\"name\":\"uri\",\"type\":\"varchar\"},{\"name\":\"status\",\"type\":\"integer\"},{\"name\":\"referrer\",\"type\":\"varchar\"},{\"name\":\"user_agent\",\"type\":\"varchar\"},{\"name\":\"query_string\",\"type\":\"varchar\"},{\"name\":\"cookie\",\"type\":\"varchar\"},{\"name\":\"result_type\",\"type\":\"varchar\"},{\"name\":\"request_id\",\"type\":\"varchar\"},{\"name\":\"host_header\",\"type\":\"varchar\"},{\"name\":\"request_protocol\",\"type\":\"varchar\"},{\"name\":\"request_bytes\",\"type\":\"bigint\"},{\"name\":\"time_taken\",\"type\":\"real\"},{\"name\":\"xforwarded_for\",\"type\":\"varchar\"},{\"name\":\"ssl_protocol\",\"type\":\"varchar\"},{\"name\":\"ssl_cipher\",\"type\":\"varchar\"},{\"name\":\"response_result_type\",\"type\":\"varchar\"},{\"name\":\"http_version\",\"type\":\"varchar\"},{\"name\":\"fle_status\",\"type\":\"varchar\"},{\"name\":\"fle_encrypted_fields\",\"type\":\"integer\"},{\"name\":\"c_port\",\"type\":\"integer\"},{\"name\":\"time_to_first_byte\",\"type\":\"real\"},{\"name\":\"x_edge_detailed_result_type\",\"type\":\"varchar\"},{\"name\":\"sc_content_type\",\"type\":\"varchar\"},{\"name\":\"sc_content_len\",\"type\":\"bigint\"},{\"name\":\"sc_range_start\",\"type\":\"bigint\"},{\"name\":\"sc_range_end\",\"type\":\"bigint\"},{\"name\":\"year\",\"type\":\"varchar\"},{\"name\":\"month\",\"type\":\"varchar\"},{\"name\":\"day\",\"type\":\"varchar\"},{\"name\":\"hour\",\"type\":\"varchar\"},{\"name\":\"file\",\"type\":\"varchar\"}],\"schema\":\"${database}\"}",
                      {
                        "sourceTable": {
                          "Ref": "sourceTable961262B0"
                        },
                        "targetTable": {
                          "Ref": "targetTable65C350B8"
                        },
                        "database": {
                          "Ref": "databaseEBDE4557"
                        }
                      }
                    ]
                  }
                },
                " */"
              ]
            ]
          }
        }
      }
    }
  }
}